✔ an absent successor preserves the older lane but a marked model without its registry fails (1.005625ms)
✔ all 88 accepted decisions have Python/JS parity, preserve 1920 other claims and retain prior 318/358 history (7911.9375ms)
✔ accepted data, source locators, whole-model and procedure gates reject drift (8988.391583ms)
✔ an absent successor preserves the older lane but a marked model without its registry fails (0.907125ms)
✔ all 120 accepted decisions have Python/JS parity, preserve 1888 other claims and retain prior 318/358 history (8897.199083ms)
✔ accepted data, source locators, whole-model and procedure gates reject drift (10691.691916ms)
✔ 318 scoped decisions have exact Python/JS parity and preserve all1690 unselected claims apart from spans (4376.719417ms)
✔ 73 pointer-keyed procedure span patches retain every status and evidence; only approved postcheck comment changes (13.510666ms)
✔ current sources, adjacent scope, entire historical proof and source excerpts fail closed under tampering (8038.78175ms)
✔ an absent successor preserves the older lane but a marked model without its registry fails (1.006417ms)
✔ all 117 accepted decisions have Python/JS parity, preserve 1891 other claims and retain prior 318/358 history (11769.320417ms)
✔ accepted data, source locators, whole-model and procedure gates reject drift (13818.917709ms)
✔ source provenance follows the selected block and never a sibling or aggregate URL (0.373458ms)
✔ an absent successor preserves the older lane but a marked model without its registry fails (0.902875ms)
✔ all 121 accepted decisions have Python/JS parity, preserve 1887 other claims and retain prior 318/358 history (10148.066542ms)
✔ accepted data, source locators, whole-model and procedure gates reject drift (12670.750083ms)
✔ source provenance follows the selected block and never a sibling or aggregate URL (0.382708ms)
ℹ tests 17
ℹ suites 0
ℹ pass 17
ℹ fail 0
ℹ cancelled 0
ℹ skipped 0
ℹ todo 0
ℹ duration_ms 30798.986292
