✔ all current occurrences retain identity, status, source and bounded text (21.126833ms)
✖ all evidence and source passage references are embedded with digests (224.603209ms)
✔ final owner purposes and immutable historical Tax Guide keep current and earlier text separate (1.10225ms)
✔ whole offline script initializes with preserved owner questions, defaults to issues and keeps all ledger navigation and evidence controls (12166.448459ms)
ℹ tests 4
ℹ suites 0
ℹ pass 3
ℹ fail 1
ℹ cancelled 0
ℹ skipped 0
ℹ todo 0
ℹ duration_ms 12285.2055

✖ failing tests:

test at scripts/host-review-html.test.mjs:471:1
✖ all evidence and source passage references are embedded with digests (224.603209ms)
  Error: ENOENT: no such file or directory, open '/Users/hanneszietsman/VastAi/CON-1584/docs-pr185-closure-20260914/host/guide-to-taxes.mdx'
      at Object.openSync (node:fs:697:18)
      at Object.readFileSync (node:fs:543:35)
      at TestContext.<anonymous> (file:///Users/hanneszietsman/VastAi/CON-1584/docs-pr185-closure-20260914/scripts/host-review-html.test.mjs:477:16)
      at Test.runInAsyncScope (node:async_hooks:226:14)
      at Test.run (node:internal/test_runner/test:1382:25)
      at Test.processPendingSubtests (node:internal/test_runner/test:960:18) {
    errno: -2,
    code: 'ENOENT',
    syscall: 'open',
    path: '/Users/hanneszietsman/VastAi/CON-1584/docs-pr185-closure-20260914/host/guide-to-taxes.mdx'
  }
