DEPLOY_CONTROL {"stage": "guards_passed", "directory": "/tmp/vast-docs-h100x4-q9nqn1dg", "candidate_sha256": "[HEX_IDENTIFIER_REDACTED]", "pid": 6346, "started": 1788905352.0662389}
=> Begin vast host software install
=> Create Vast.ai daemon user
=> Configure Vast.ai daemon
=> Update Vast.ai daemon
=> Install docker
=> Install docker
=> check apt update
=> Test docker
Using default tag: latest
latest: Pulling from library/ubuntu
06e9d71331fb: Pulling fs layer
f3db1cd94078: Pulling fs layer
f3db1cd94078: Verifying Checksum
f3db1cd94078: Download complete
06e9d71331fb: Verifying Checksum
06e9d71331fb: Download complete
06e9d71331fb: Pull complete
f3db1cd94078: Pull complete
Digest: sha256:[HEX_IDENTIFIER_REDACTED]
Status: Downloaded newer image for ubuntu:latest
docker.io/library/ubuntu:latest
    Testing nvidia-docker for NVML error (30 seconds)
NVML test ok
found 4 nv gpus
    Testing 4 gpus for NCCL errors (30 seconds, can take several minutes on 50 series machines)
Unable to find image 'pytorch/pytorch:2.6.0-cuda12.6-cudnn9-devel' locally
2.6.0-cuda12.6-cudnn9-devel: Pulling from pytorch/pytorch
7478e0ac0f23: Pulling fs layer
df2824ac310a: Pulling fs layer
16e8a5a726fd: Pulling fs layer
af813042aa5b: Pulling fs layer
150ae9de14cf: Pulling fs layer
ed090066e06c: Pulling fs layer
835e4741a0ed: Pulling fs layer
6aee6792f0ce: Pulling fs layer
150ae9de14cf: Waiting
18ef190c1b6c: Pulling fs layer
6b55bfaf2c7e: Pulling fs layer
91376825b432: Pulling fs layer
25cedbafd181: Pulling fs layer
c912f13831db: Pulling fs layer
4f4fb700ef54: Pulling fs layer
6aee6792f0ce: Waiting
1ec4a49a0ef4: Pulling fs layer
18ef190c1b6c: Waiting
6b55bfaf2c7e: Waiting
c912f13831db: Waiting
4f4fb700ef54: Waiting
91376825b432: Waiting
1ec4a49a0ef4: Waiting
ed090066e06c: Waiting
25cedbafd181: Waiting
af813042aa5b: Waiting
df2824ac310a: Verifying Checksum
df2824ac310a: Download complete
7478e0ac0f23: Verifying Checksum
7478e0ac0f23: Download complete
16e8a5a726fd: Verifying Checksum
16e8a5a726fd: Download complete
af813042aa5b: Verifying Checksum
af813042aa5b: Download complete
150ae9de14cf: Verifying Checksum
150ae9de14cf: Download complete
835e4741a0ed: Verifying Checksum
835e4741a0ed: Download complete
7478e0ac0f23: Pull complete
6aee6792f0ce: Download complete
df2824ac310a: Pull complete
18ef190c1b6c: Download complete
16e8a5a726fd: Pull complete
af813042aa5b: Pull complete
150ae9de14cf: Pull complete
91376825b432: Verifying Checksum
91376825b432: Download complete
25cedbafd181: Verifying Checksum
25cedbafd181: Download complete
ed090066e06c: Verifying Checksum
ed090066e06c: Download complete
4f4fb700ef54: Download complete
1ec4a49a0ef4: Verifying Checksum
1ec4a49a0ef4: Download complete
ed090066e06c: Pull complete
835e4741a0ed: Pull complete
6aee6792f0ce: Pull complete
18ef190c1b6c: Pull complete
6b55bfaf2c7e: Verifying Checksum
6b55bfaf2c7e: Download complete
c912f13831db: Verifying Checksum
c912f13831db: Download complete
6b55bfaf2c7e: Pull complete
91376825b432: Pull complete
25cedbafd181: Pull complete
c912f13831db: Pull complete
4f4fb700ef54: Pull complete
1ec4a49a0ef4: Pull complete
Digest: sha256:[HEX_IDENTIFIER_REDACTED]
Status: Downloaded newer image for pytorch/pytorch:2.6.0-cuda12.6-cudnn9-devel
NCCL test ok
=> Run Vast.ai daemon
Created symlink /etc/systemd/system/multi-user.target.wants/vastai.service → /etc/systemd/system/vastai.service.
Created symlink /etc/systemd/system/multi-user.target.wants/vast_metrics.service → /etc/systemd/system/vast_metrics.service.
=> Wait for daemon to start...
Starting...
                              
Connecting
                              
Connecting.
                              
Connecting..
                              
Daemon Running
=> Done!
    Pulling default pytorch image

    Now go to https://vast.ai/list to set your
    prices and list your machine for rental.

finish
DEPLOY_CONTROL {"stage": "installer_returned", "finished": 1788905898.5117824}
